Logging in as test...
Login successful! Token acquired.

Uploading 2 resumes with requirements...
POST http://127.0.0.1:7000/api/v1/resumes/bulk-upload/?sync=1
Response (201):
{
  "success": true,
  "data": {
    "total": 2,
    "successful": 2,
    "matching": 2,
    "rejected": [],
    "errors": [],
    "results": [
      {
        "filename": "EPS-Computer-Science.pdf",
        "duplicate": true,
        "resume_document_id": 22,
        "parse_run_id": 36,
        "candidate_id": null,
        "status": "rejected",
        "status_type": "duplicate",
        "accepted": true
      },
      {
        "filename": "LAB-Business-and-Finance.pdf",
        "duplicate": true,
        "resume_document_id": 23,
        "parse_run_id": 37,
        "candidate_id": null,
        "status": "rejected",
        "status_type": "duplicate",
        "accepted": true
      }
    ],
    "accepted": [
      {
        "filename": "EPS-Computer-Science.pdf",
        "duplicate": true,
        "resume_document_id": 22,
        "parse_run_id": 36,
        "candidate_id": null,
        "status": "rejected",
        "status_type": "duplicate",
        "accepted": true
      },
      {
        "filename": "LAB-Business-and-Finance.pdf",
        "duplicate": true,
        "resume_document_id": 23,
        "parse_run_id": 37,
        "candidate_id": null,
        "status": "rejected",
        "status_type": "duplicate",
        "accepted": true
      }
    ],
    "requirements_applied": {
      "required_skills": [
        "Python",
        "Computer Science"
      ],
      "min_years_experience": 0,
      "use_llm_validation": true
    },
    "note": "Requirements applied. 2 candidates accepted, [] rejected."
  },
  "error": null
}
